
*** Running vivado
    with args -log top_level.vds -m64 -product Vivado -mode batch -messageDb vivado.pb -notrace -source top_level.tcl



****** Vivado v2025.1 (64-bit)
  **** SW Build 6140274 on Thu May 22 00:12:29 MDT 2025
  **** IP Build 6138677 on Thu May 22 03:10:11 MDT 2025
  **** SharedData Build 6139179 on Tue May 20 17:58:58 MDT 2025
  **** Start of session at: Tue Dec  2 16:16:27 2025
    ** Copyright 1986-2022 Xilinx, Inc. All Rights Reserved.
    ** Copyright 2022-2025 Advanced Micro Devices, Inc. All Rights Reserved.

source top_level.tcl -notrace
create_project: Time (s): cpu = 00:00:09 ; elapsed = 00:00:06 . Memory (MB): peak = 491.410 ; gain = 211.281
Command: synth_design -top top_level -part xc7a100tcsg324-1
Starting synth_design
Attempting to get a license for feature 'Synthesis' and/or device 'xc7a100t'
INFO: [Common 17-349] Got license for feature 'Synthesis' and/or device 'xc7a100t'
INFO: [Device 21-403] Loading part xc7a100tcsg324-1
INFO: [Synth 8-7079] Multithreading enabled for synth_design using a maximum of 2 processes.
INFO: [Synth 8-7078] Launching helper process for spawning children vivado processes
INFO: [Synth 8-7075] Helper process launched with PID 17088
---------------------------------------------------------------------------------
Starting RTL Elaboration : Time (s): cpu = 00:00:06 ; elapsed = 00:00:08 . Memory (MB): peak = 1187.996 ; gain = 492.719
---------------------------------------------------------------------------------
WARNING: [Synth 8-10729] formal port 'ack_error' of mode 'buffer' cannot be associated with actual port 'i2c_ack_err' of mode 'out' [C:/Users/Bruno/Documents/ENSEIRB/S7/Projet VHDL/thermohygro/thermohygro/thermohygro.srcs/sources_1/new/pmod_hygro.vhd:84]
INFO: [Synth 8-638] synthesizing module 'top_level' [C:/Users/Bruno/Documents/ENSEIRB/S7/Projet VHDL/thermohygro/thermohygro/thermohygro.srcs/sources_1/new/top_level.vhd:23]
INFO: [Synth 8-3491] module 'FSM_pixel' declared at 'C:/Users/Bruno/Documents/ENSEIRB/S7/Projet VHDL/thermohygro/thermohygro/thermohygro.srcs/sources_1/new/FSM_pixel.vhd:6' bound to instance 'FSM_PIXEL_I' of component 'FSM_pixel' [C:/Users/Bruno/Documents/ENSEIRB/S7/Projet VHDL/thermohygro/thermohygro/thermohygro.srcs/sources_1/new/top_level.vhd:134]
INFO: [Synth 8-638] synthesizing module 'FSM_pixel' [C:/Users/Bruno/Documents/ENSEIRB/S7/Projet VHDL/thermohygro/thermohygro/thermohygro.srcs/sources_1/new/FSM_pixel.vhd:19]
INFO: [Synth 8-256] done synthesizing module 'FSM_pixel' (0#1) [C:/Users/Bruno/Documents/ENSEIRB/S7/Projet VHDL/thermohygro/thermohygro/thermohygro.srcs/sources_1/new/FSM_pixel.vhd:19]
	Parameter CLK_FREQ_HZ bound to: 100000000 - type: integer 
	Parameter LEFT_SIDE bound to: 0 - type: bool 
INFO: [Synth 8-3491] module 'PmodOLEDrgb_bitmap' declared at 'C:/Users/Bruno/Documents/ENSEIRB/S7/Projet VHDL/thermohygro/thermohygro/thermohygro.srcs/sources_1/new/pmodoledrgb_bitmap.vhd:50' bound to instance 'ECRAN' of component 'PmodOLEDrgb_bitmap' [C:/Users/Bruno/Documents/ENSEIRB/S7/Projet VHDL/thermohygro/thermohygro/thermohygro.srcs/sources_1/new/top_level.vhd:145]
INFO: [Synth 8-638] synthesizing module 'PmodOLEDrgb_bitmap' [C:/Users/Bruno/Documents/ENSEIRB/S7/Projet VHDL/thermohygro/thermohygro/thermohygro.srcs/sources_1/new/pmodoledrgb_bitmap.vhd:73]
	Parameter CLK_FREQ_HZ bound to: 100000000 - type: integer 
	Parameter BPP bound to: 16 - type: integer 
	Parameter GREYSCALE bound to: 0 - type: bool 
	Parameter LEFT_SIDE bound to: 0 - type: bool 
INFO: [Synth 8-256] done synthesizing module 'PmodOLEDrgb_bitmap' (0#1) [C:/Users/Bruno/Documents/ENSEIRB/S7/Projet VHDL/thermohygro/thermohygro/thermohygro.srcs/sources_1/new/pmodoledrgb_bitmap.vhd:73]
INFO: [Synth 8-3491] module 'RAM_Display' declared at 'C:/Users/Bruno/Documents/ENSEIRB/S7/Projet VHDL/thermohygro/thermohygro/thermohygro.srcs/sources_1/new/RAM_display.vhd:5' bound to instance 'RAM_DISPLAY_I' of component 'RAM_Display' [C:/Users/Bruno/Documents/ENSEIRB/S7/Projet VHDL/thermohygro/thermohygro/thermohygro.srcs/sources_1/new/top_level.vhd:169]
INFO: [Synth 8-638] synthesizing module 'RAM_Display' [C:/Users/Bruno/Documents/ENSEIRB/S7/Projet VHDL/thermohygro/thermohygro/thermohygro.srcs/sources_1/new/RAM_display.vhd:16]
INFO: [Synth 8-256] done synthesizing module 'RAM_Display' (0#1) [C:/Users/Bruno/Documents/ENSEIRB/S7/Projet VHDL/thermohygro/thermohygro/thermohygro.srcs/sources_1/new/RAM_display.vhd:16]
INFO: [Synth 8-3491] module 'ROM_CHAR' declared at 'C:/Users/Bruno/Documents/ENSEIRB/S7/Projet VHDL/thermohygro/thermohygro/thermohygro.srcs/sources_1/new/ROM_CHAR.vhd:16' bound to instance 'ROM_CHAR_I' of component 'ROM_CHAR' [C:/Users/Bruno/Documents/ENSEIRB/S7/Projet VHDL/thermohygro/thermohygro/thermohygro.srcs/sources_1/new/top_level.vhd:180]
INFO: [Synth 8-638] synthesizing module 'ROM_CHAR' [C:/Users/Bruno/Documents/ENSEIRB/S7/Projet VHDL/thermohygro/thermohygro/thermohygro.srcs/sources_1/new/ROM_CHAR.vhd:29]
WARNING: [Synth 8-3514] cannot infer block ram on a non-memory variable 'memory_emoji'  [C:/Users/Bruno/Documents/ENSEIRB/S7/Projet VHDL/thermohygro/thermohygro/thermohygro.srcs/sources_1/new/ROM_CHAR.vhd:45]
WARNING: [Synth 8-3514] cannot infer block ram on a non-memory variable 'memory_char'  [C:/Users/Bruno/Documents/ENSEIRB/S7/Projet VHDL/thermohygro/thermohygro/thermohygro.srcs/sources_1/new/ROM_CHAR.vhd:46]
WARNING: [Synth 8-7186] Applying attribute ram_style = "BLOCK" is ignored, object 'memory_emoji[0][0]' is not inferred as ram due to incorrect usage [C:/Users/Bruno/Documents/ENSEIRB/S7/Projet VHDL/thermohygro/thermohygro/thermohygro.srcs/sources_1/new/ROM_CHAR.vhd:34]
WARNING: [Synth 8-7186] Applying attribute ram_style = "BLOCK" is ignored, object 'memory_emoji[0][1]' is not inferred as ram due to incorrect usage [C:/Users/Bruno/Documents/ENSEIRB/S7/Projet VHDL/thermohygro/thermohygro/thermohygro.srcs/sources_1/new/ROM_CHAR.vhd:34]
WARNING: [Synth 8-7186] Applying attribute ram_style = "BLOCK" is ignored, object 'memory_emoji[0][2]' is not inferred as ram due to incorrect usage [C:/Users/Bruno/Documents/ENSEIRB/S7/Projet VHDL/thermohygro/thermohygro/thermohygro.srcs/sources_1/new/ROM_CHAR.vhd:34]
WARNING: [Synth 8-7186] Applying attribute ram_style = "BLOCK" is ignored, object 'memory_emoji[0][3]' is not inferred as ram due to incorrect usage [C:/Users/Bruno/Documents/ENSEIRB/S7/Projet VHDL/thermohygro/thermohygro/thermohygro.srcs/sources_1/new/ROM_CHAR.vhd:34]
WARNING: [Synth 8-7186] Applying attribute ram_style = "BLOCK" is ignored, object 'memory_emoji[0][4]' is not inferred as ram due to incorrect usage [C:/Users/Bruno/Documents/ENSEIRB/S7/Projet VHDL/thermohygro/thermohygro/thermohygro.srcs/sources_1/new/ROM_CHAR.vhd:34]
WARNING: [Synth 8-7186] Applying attribute ram_style = "BLOCK" is ignored, object 'memory_emoji[0][5]' is not inferred as ram due to incorrect usage [C:/Users/Bruno/Documents/ENSEIRB/S7/Projet VHDL/thermohygro/thermohygro/thermohygro.srcs/sources_1/new/ROM_CHAR.vhd:34]
WARNING: [Synth 8-7186] Applying attribute ram_style = "BLOCK" is ignored, object 'memory_emoji[0][6]' is not inferred as ram due to incorrect usage [C:/Users/Bruno/Documents/ENSEIRB/S7/Projet VHDL/thermohygro/thermohygro/thermohygro.srcs/sources_1/new/ROM_CHAR.vhd:34]
WARNING: [Synth 8-7186] Applying attribute ram_style = "BLOCK" is ignored, object 'memory_emoji[0][7]' is not inferred as ram due to incorrect usage [C:/Users/Bruno/Documents/ENSEIRB/S7/Projet VHDL/thermohygro/thermohygro/thermohygro.srcs/sources_1/new/ROM_CHAR.vhd:34]
WARNING: [Synth 8-7186] Applying attribute ram_style = "BLOCK" is ignored, object 'memory_emoji[0][8]' is not inferred as ram due to incorrect usage [C:/Users/Bruno/Documents/ENSEIRB/S7/Projet VHDL/thermohygro/thermohygro/thermohygro.srcs/sources_1/new/ROM_CHAR.vhd:34]
WARNING: [Synth 8-7186] Applying attribute ram_style = "BLOCK" is ignored, object 'memory_emoji[0][9]' is not inferred as ram due to incorrect usage [C:/Users/Bruno/Documents/ENSEIRB/S7/Projet VHDL/thermohygro/thermohygro/thermohygro.srcs/sources_1/new/ROM_CHAR.vhd:34]
WARNING: [Synth 8-7186] Applying attribute ram_style = "BLOCK" is ignored, object 'memory_emoji[0][10]' is not inferred as ram due to incorrect usage [C:/Users/Bruno/Documents/ENSEIRB/S7/Projet VHDL/thermohygro/thermohygro/thermohygro.srcs/sources_1/new/ROM_CHAR.vhd:34]
WARNING: [Synth 8-7186] Applying attribute ram_style = "BLOCK" is ignored, object 'memory_emoji[0][11]' is not inferred as ram due to incorrect usage [C:/Users/Bruno/Documents/ENSEIRB/S7/Projet VHDL/thermohygro/thermohygro/thermohygro.srcs/sources_1/new/ROM_CHAR.vhd:34]
WARNING: [Synth 8-7186] Applying attribute ram_style = "BLOCK" is ignored, object 'memory_emoji[0][12]' is not inferred as ram due to incorrect usage [C:/Users/Bruno/Documents/ENSEIRB/S7/Projet VHDL/thermohygro/thermohygro/thermohygro.srcs/sources_1/new/ROM_CHAR.vhd:34]
WARNING: [Synth 8-7186] Applying attribute ram_style = "BLOCK" is ignored, object 'memory_emoji[0][13]' is not inferred as ram due to incorrect usage [C:/Users/Bruno/Documents/ENSEIRB/S7/Projet VHDL/thermohygro/thermohygro/thermohygro.srcs/sources_1/new/ROM_CHAR.vhd:34]
WARNING: [Synth 8-7186] Applying attribute ram_style = "BLOCK" is ignored, object 'memory_emoji[0][14]' is not inferred as ram due to incorrect usage [C:/Users/Bruno/Documents/ENSEIRB/S7/Projet VHDL/thermohygro/thermohygro/thermohygro.srcs/sources_1/new/ROM_CHAR.vhd:34]
WARNING: [Synth 8-7186] Applying attribute ram_style = "BLOCK" is ignored, object 'memory_emoji[0][15]' is not inferred as ram due to incorrect usage [C:/Users/Bruno/Documents/ENSEIRB/S7/Projet VHDL/thermohygro/thermohygro/thermohygro.srcs/sources_1/new/ROM_CHAR.vhd:34]
WARNING: [Synth 8-7186] Applying attribute ram_style = "BLOCK" is ignored, object 'memory_emoji[0][16]' is not inferred as ram due to incorrect usage [C:/Users/Bruno/Documents/ENSEIRB/S7/Projet VHDL/thermohygro/thermohygro/thermohygro.srcs/sources_1/new/ROM_CHAR.vhd:34]
WARNING: [Synth 8-7186] Applying attribute ram_style = "BLOCK" is ignored, object 'memory_emoji[0][17]' is not inferred as ram due to incorrect usage [C:/Users/Bruno/Documents/ENSEIRB/S7/Projet VHDL/thermohygro/thermohygro/thermohygro.srcs/sources_1/new/ROM_CHAR.vhd:34]
WARNING: [Synth 8-7186] Applying attribute ram_style = "BLOCK" is ignored, object 'memory_emoji[0][18]' is not inferred as ram due to incorrect usage [C:/Users/Bruno/Documents/ENSEIRB/S7/Projet VHDL/thermohygro/thermohygro/thermohygro.srcs/sources_1/new/ROM_CHAR.vhd:34]
WARNING: [Synth 8-7186] Applying attribute ram_style = "BLOCK" is ignored, object 'memory_emoji[0][19]' is not inferred as ram due to incorrect usage [C:/Users/Bruno/Documents/ENSEIRB/S7/Projet VHDL/thermohygro/thermohygro/thermohygro.srcs/sources_1/new/ROM_CHAR.vhd:34]
WARNING: [Synth 8-7186] Applying attribute ram_style = "BLOCK" is ignored, object 'memory_emoji[0][20]' is not inferred as ram due to incorrect usage [C:/Users/Bruno/Documents/ENSEIRB/S7/Projet VHDL/thermohygro/thermohygro/thermohygro.srcs/sources_1/new/ROM_CHAR.vhd:34]
WARNING: [Synth 8-7186] Applying attribute ram_style = "BLOCK" is ignored, object 'memory_emoji[0][21]' is not inferred as ram due to incorrect usage [C:/Users/Bruno/Documents/ENSEIRB/S7/Projet VHDL/thermohygro/thermohygro/thermohygro.srcs/sources_1/new/ROM_CHAR.vhd:34]
WARNING: [Synth 8-7186] Applying attribute ram_style = "BLOCK" is ignored, object 'memory_emoji[0][22]' is not inferred as ram due to incorrect usage [C:/Users/Bruno/Documents/ENSEIRB/S7/Projet VHDL/thermohygro/thermohygro/thermohygro.srcs/sources_1/new/ROM_CHAR.vhd:34]
WARNING: [Synth 8-7186] Applying attribute ram_style = "BLOCK" is ignored, object 'memory_emoji[0][23]' is not inferred as ram due to incorrect usage [C:/Users/Bruno/Documents/ENSEIRB/S7/Projet VHDL/thermohygro/thermohygro/thermohygro.srcs/sources_1/new/ROM_CHAR.vhd:34]
WARNING: [Synth 8-7186] Applying attribute ram_style = "BLOCK" is ignored, object 'memory_emoji[0][24]' is not inferred as ram due to incorrect usage [C:/Users/Bruno/Documents/ENSEIRB/S7/Projet VHDL/thermohygro/thermohygro/thermohygro.srcs/sources_1/new/ROM_CHAR.vhd:34]
WARNING: [Synth 8-7186] Applying attribute ram_style = "BLOCK" is ignored, object 'memory_emoji[0][25]' is not inferred as ram due to incorrect usage [C:/Users/Bruno/Documents/ENSEIRB/S7/Projet VHDL/thermohygro/thermohygro/thermohygro.srcs/sources_1/new/ROM_CHAR.vhd:34]
WARNING: [Synth 8-7186] Applying attribute ram_style = "BLOCK" is ignored, object 'memory_emoji[0][26]' is not inferred as ram due to incorrect usage [C:/Users/Bruno/Documents/ENSEIRB/S7/Projet VHDL/thermohygro/thermohygro/thermohygro.srcs/sources_1/new/ROM_CHAR.vhd:34]
WARNING: [Synth 8-7186] Applying attribute ram_style = "BLOCK" is ignored, object 'memory_emoji[0][27]' is not inferred as ram due to incorrect usage [C:/Users/Bruno/Documents/ENSEIRB/S7/Projet VHDL/thermohygro/thermohygro/thermohygro.srcs/sources_1/new/ROM_CHAR.vhd:34]
WARNING: [Synth 8-7186] Applying attribute ram_style = "BLOCK" is ignored, object 'memory_emoji[0][28]' is not inferred as ram due to incorrect usage [C:/Users/Bruno/Documents/ENSEIRB/S7/Projet VHDL/thermohygro/thermohygro/thermohygro.srcs/sources_1/new/ROM_CHAR.vhd:34]
WARNING: [Synth 8-7186] Applying attribute ram_style = "BLOCK" is ignored, object 'memory_emoji[0][29]' is not inferred as ram due to incorrect usage [C:/Users/Bruno/Documents/ENSEIRB/S7/Projet VHDL/thermohygro/thermohygro/thermohygro.srcs/sources_1/new/ROM_CHAR.vhd:34]
WARNING: [Synth 8-7186] Applying attribute ram_style = "BLOCK" is ignored, object 'memory_emoji[0][30]' is not inferred as ram due to incorrect usage [C:/Users/Bruno/Documents/ENSEIRB/S7/Projet VHDL/thermohygro/thermohygro/thermohygro.srcs/sources_1/new/ROM_CHAR.vhd:34]
WARNING: [Synth 8-7186] Applying attribute ram_style = "BLOCK" is ignored, object 'memory_emoji[0][31]' is not inferred as ram due to incorrect usage [C:/Users/Bruno/Documents/ENSEIRB/S7/Projet VHDL/thermohygro/thermohygro/thermohygro.srcs/sources_1/new/ROM_CHAR.vhd:34]
WARNING: [Synth 8-7186] Applying attribute ram_style = "BLOCK" is ignored, object 'memory_emoji[0][32]' is not inferred as ram due to incorrect usage [C:/Users/Bruno/Documents/ENSEIRB/S7/Projet VHDL/thermohygro/thermohygro/thermohygro.srcs/sources_1/new/ROM_CHAR.vhd:34]
WARNING: [Synth 8-7186] Applying attribute ram_style = "BLOCK" is ignored, object 'memory_emoji[0][33]' is not inferred as ram due to incorrect usage [C:/Users/Bruno/Documents/ENSEIRB/S7/Projet VHDL/thermohygro/thermohygro/thermohygro.srcs/sources_1/new/ROM_CHAR.vhd:34]
WARNING: [Synth 8-7186] Applying attribute ram_style = "BLOCK" is ignored, object 'memory_emoji[0][34]' is not inferred as ram due to incorrect usage [C:/Users/Bruno/Documents/ENSEIRB/S7/Projet VHDL/thermohygro/thermohygro/thermohygro.srcs/sources_1/new/ROM_CHAR.vhd:34]
WARNING: [Synth 8-7186] Applying attribute ram_style = "BLOCK" is ignored, object 'memory_emoji[0][35]' is not inferred as ram due to incorrect usage [C:/Users/Bruno/Documents/ENSEIRB/S7/Projet VHDL/thermohygro/thermohygro/thermohygro.srcs/sources_1/new/ROM_CHAR.vhd:34]
WARNING: [Synth 8-7186] Applying attribute ram_style = "BLOCK" is ignored, object 'memory_emoji[0][36]' is not inferred as ram due to incorrect usage [C:/Users/Bruno/Documents/ENSEIRB/S7/Projet VHDL/thermohygro/thermohygro/thermohygro.srcs/sources_1/new/ROM_CHAR.vhd:34]
WARNING: [Synth 8-7186] Applying attribute ram_style = "BLOCK" is ignored, object 'memory_emoji[0][37]' is not inferred as ram due to incorrect usage [C:/Users/Bruno/Documents/ENSEIRB/S7/Projet VHDL/thermohygro/thermohygro/thermohygro.srcs/sources_1/new/ROM_CHAR.vhd:34]
WARNING: [Synth 8-7186] Applying attribute ram_style = "BLOCK" is ignored, object 'memory_emoji[0][38]' is not inferred as ram due to incorrect usage [C:/Users/Bruno/Documents/ENSEIRB/S7/Projet VHDL/thermohygro/thermohygro/thermohygro.srcs/sources_1/new/ROM_CHAR.vhd:34]
WARNING: [Synth 8-7186] Applying attribute ram_style = "BLOCK" is ignored, object 'memory_emoji[0][39]' is not inferred as ram due to incorrect usage [C:/Users/Bruno/Documents/ENSEIRB/S7/Projet VHDL/thermohygro/thermohygro/thermohygro.srcs/sources_1/new/ROM_CHAR.vhd:34]
WARNING: [Synth 8-7186] Applying attribute ram_style = "BLOCK" is ignored, object 'memory_emoji[0][40]' is not inferred as ram due to incorrect usage [C:/Users/Bruno/Documents/ENSEIRB/S7/Projet VHDL/thermohygro/thermohygro/thermohygro.srcs/sources_1/new/ROM_CHAR.vhd:34]
WARNING: [Synth 8-7186] Applying attribute ram_style = "BLOCK" is ignored, object 'memory_emoji[0][41]' is not inferred as ram due to incorrect usage [C:/Users/Bruno/Documents/ENSEIRB/S7/Projet VHDL/thermohygro/thermohygro/thermohygro.srcs/sources_1/new/ROM_CHAR.vhd:34]
WARNING: [Synth 8-7186] Applying attribute ram_style = "BLOCK" is ignored, object 'memory_emoji[0][42]' is not inferred as ram due to incorrect usage [C:/Users/Bruno/Documents/ENSEIRB/S7/Projet VHDL/thermohygro/thermohygro/thermohygro.srcs/sources_1/new/ROM_CHAR.vhd:34]
WARNING: [Synth 8-7186] Applying attribute ram_style = "BLOCK" is ignored, object 'memory_emoji[0][43]' is not inferred as ram due to incorrect usage [C:/Users/Bruno/Documents/ENSEIRB/S7/Projet VHDL/thermohygro/thermohygro/thermohygro.srcs/sources_1/new/ROM_CHAR.vhd:34]
WARNING: [Synth 8-7186] Applying attribute ram_style = "BLOCK" is ignored, object 'memory_emoji[0][44]' is not inferred as ram due to incorrect usage [C:/Users/Bruno/Documents/ENSEIRB/S7/Projet VHDL/thermohygro/thermohygro/thermohygro.srcs/sources_1/new/ROM_CHAR.vhd:34]
WARNING: [Synth 8-7186] Applying attribute ram_style = "BLOCK" is ignored, object 'memory_emoji[0][45]' is not inferred as ram due to incorrect usage [C:/Users/Bruno/Documents/ENSEIRB/S7/Projet VHDL/thermohygro/thermohygro/thermohygro.srcs/sources_1/new/ROM_CHAR.vhd:34]
WARNING: [Synth 8-7186] Applying attribute ram_style = "BLOCK" is ignored, object 'memory_emoji[0][46]' is not inferred as ram due to incorrect usage [C:/Users/Bruno/Documents/ENSEIRB/S7/Projet VHDL/thermohygro/thermohygro/thermohygro.srcs/sources_1/new/ROM_CHAR.vhd:34]
WARNING: [Synth 8-7186] Applying attribute ram_style = "BLOCK" is ignored, object 'memory_emoji[0][47]' is not inferred as ram due to incorrect usage [C:/Users/Bruno/Documents/ENSEIRB/S7/Projet VHDL/thermohygro/thermohygro/thermohygro.srcs/sources_1/new/ROM_CHAR.vhd:34]
WARNING: [Synth 8-7186] Applying attribute ram_style = "BLOCK" is ignored, object 'memory_emoji[0][48]' is not inferred as ram due to incorrect usage [C:/Users/Bruno/Documents/ENSEIRB/S7/Projet VHDL/thermohygro/thermohygro/thermohygro.srcs/sources_1/new/ROM_CHAR.vhd:34]
WARNING: [Synth 8-7186] Applying attribute ram_style = "BLOCK" is ignored, object 'memory_emoji[0][49]' is not inferred as ram due to incorrect usage [C:/Users/Bruno/Documents/ENSEIRB/S7/Projet VHDL/thermohygro/thermohygro/thermohygro.srcs/sources_1/new/ROM_CHAR.vhd:34]
WARNING: [Synth 8-7186] Applying attribute ram_style = "BLOCK" is ignored, object 'memory_emoji[0][50]' is not inferred as ram due to incorrect usage [C:/Users/Bruno/Documents/ENSEIRB/S7/Projet VHDL/thermohygro/thermohygro/thermohygro.srcs/sources_1/new/ROM_CHAR.vhd:34]
WARNING: [Synth 8-7186] Applying attribute ram_style = "BLOCK" is ignored, object 'memory_emoji[0][51]' is not inferred as ram due to incorrect usage [C:/Users/Bruno/Documents/ENSEIRB/S7/Projet VHDL/thermohygro/thermohygro/thermohygro.srcs/sources_1/new/ROM_CHAR.vhd:34]
WARNING: [Synth 8-7186] Applying attribute ram_style = "BLOCK" is ignored, object 'memory_emoji[0][52]' is not inferred as ram due to incorrect usage [C:/Users/Bruno/Documents/ENSEIRB/S7/Projet VHDL/thermohygro/thermohygro/thermohygro.srcs/sources_1/new/ROM_CHAR.vhd:34]
WARNING: [Synth 8-7186] Applying attribute ram_style = "BLOCK" is ignored, object 'memory_emoji[0][53]' is not inferred as ram due to incorrect usage [C:/Users/Bruno/Documents/ENSEIRB/S7/Projet VHDL/thermohygro/thermohygro/thermohygro.srcs/sources_1/new/ROM_CHAR.vhd:34]
WARNING: [Synth 8-7186] Applying attribute ram_style = "BLOCK" is ignored, object 'memory_emoji[0][54]' is not inferred as ram due to incorrect usage [C:/Users/Bruno/Documents/ENSEIRB/S7/Projet VHDL/thermohygro/thermohygro/thermohygro.srcs/sources_1/new/ROM_CHAR.vhd:34]
WARNING: [Synth 8-7186] Applying attribute ram_style = "BLOCK" is ignored, object 'memory_emoji[0][55]' is not inferred as ram due to incorrect usage [C:/Users/Bruno/Documents/ENSEIRB/S7/Projet VHDL/thermohygro/thermohygro/thermohygro.srcs/sources_1/new/ROM_CHAR.vhd:34]
WARNING: [Synth 8-7186] Applying attribute ram_style = "BLOCK" is ignored, object 'memory_emoji[0][56]' is not inferred as ram due to incorrect usage [C:/Users/Bruno/Documents/ENSEIRB/S7/Projet VHDL/thermohygro/thermohygro/thermohygro.srcs/sources_1/new/ROM_CHAR.vhd:34]
WARNING: [Synth 8-7186] Applying attribute ram_style = "BLOCK" is ignored, object 'memory_emoji[0][57]' is not inferred as ram due to incorrect usage [C:/Users/Bruno/Documents/ENSEIRB/S7/Projet VHDL/thermohygro/thermohygro/thermohygro.srcs/sources_1/new/ROM_CHAR.vhd:34]
WARNING: [Synth 8-7186] Applying attribute ram_style = "BLOCK" is ignored, object 'memory_emoji[0][58]' is not inferred as ram due to incorrect usage [C:/Users/Bruno/Documents/ENSEIRB/S7/Projet VHDL/thermohygro/thermohygro/thermohygro.srcs/sources_1/new/ROM_CHAR.vhd:34]
WARNING: [Synth 8-7186] Applying attribute ram_style = "BLOCK" is ignored, object 'memory_emoji[0][59]' is not inferred as ram due to incorrect usage [C:/Users/Bruno/Documents/ENSEIRB/S7/Projet VHDL/thermohygro/thermohygro/thermohygro.srcs/sources_1/new/ROM_CHAR.vhd:34]
WARNING: [Synth 8-7186] Applying attribute ram_style = "BLOCK" is ignored, object 'memory_emoji[0][60]' is not inferred as ram due to incorrect usage [C:/Users/Bruno/Documents/ENSEIRB/S7/Projet VHDL/thermohygro/thermohygro/thermohygro.srcs/sources_1/new/ROM_CHAR.vhd:34]
WARNING: [Synth 8-7186] Applying attribute ram_style = "BLOCK" is ignored, object 'memory_emoji[0][61]' is not inferred as ram due to incorrect usage [C:/Users/Bruno/Documents/ENSEIRB/S7/Projet VHDL/thermohygro/thermohygro/thermohygro.srcs/sources_1/new/ROM_CHAR.vhd:34]
WARNING: [Synth 8-7186] Applying attribute ram_style = "BLOCK" is ignored, object 'memory_emoji[0][62]' is not inferred as ram due to incorrect usage [C:/Users/Bruno/Documents/ENSEIRB/S7/Projet VHDL/thermohygro/thermohygro/thermohygro.srcs/sources_1/new/ROM_CHAR.vhd:34]
WARNING: [Synth 8-7186] Applying attribute ram_style = "BLOCK" is ignored, object 'memory_emoji[0][63]' is not inferred as ram due to incorrect usage [C:/Users/Bruno/Documents/ENSEIRB/S7/Projet VHDL/thermohygro/thermohygro/thermohygro.srcs/sources_1/new/ROM_CHAR.vhd:34]
WARNING: [Synth 8-7186] Applying attribute ram_style = "BLOCK" is ignored, object 'memory_emoji[0][64]' is not inferred as ram due to incorrect usage [C:/Users/Bruno/Documents/ENSEIRB/S7/Projet VHDL/thermohygro/thermohygro/thermohygro.srcs/sources_1/new/ROM_CHAR.vhd:34]
WARNING: [Synth 8-7186] Applying attribute ram_style = "BLOCK" is ignored, object 'memory_emoji[0][65]' is not inferred as ram due to incorrect usage [C:/Users/Bruno/Documents/ENSEIRB/S7/Projet VHDL/thermohygro/thermohygro/thermohygro.srcs/sources_1/new/ROM_CHAR.vhd:34]
WARNING: [Synth 8-7186] Applying attribute ram_style = "BLOCK" is ignored, object 'memory_emoji[0][66]' is not inferred as ram due to incorrect usage [C:/Users/Bruno/Documents/ENSEIRB/S7/Projet VHDL/thermohygro/thermohygro/thermohygro.srcs/sources_1/new/ROM_CHAR.vhd:34]
WARNING: [Synth 8-7186] Applying attribute ram_style = "BLOCK" is ignored, object 'memory_emoji[0][67]' is not inferred as ram due to incorrect usage [C:/Users/Bruno/Documents/ENSEIRB/S7/Projet VHDL/thermohygro/thermohygro/thermohygro.srcs/sources_1/new/ROM_CHAR.vhd:34]
WARNING: [Synth 8-7186] Applying attribute ram_style = "BLOCK" is ignored, object 'memory_emoji[0][68]' is not inferred as ram due to incorrect usage [C:/Users/Bruno/Documents/ENSEIRB/S7/Projet VHDL/thermohygro/thermohygro/thermohygro.srcs/sources_1/new/ROM_CHAR.vhd:34]
WARNING: [Synth 8-7186] Applying attribute ram_style = "BLOCK" is ignored, object 'memory_emoji[0][69]' is not inferred as ram due to incorrect usage [C:/Users/Bruno/Documents/ENSEIRB/S7/Projet VHDL/thermohygro/thermohygro/thermohygro.srcs/sources_1/new/ROM_CHAR.vhd:34]
WARNING: [Synth 8-7186] Applying attribute ram_style = "BLOCK" is ignored, object 'memory_emoji[0][70]' is not inferred as ram due to incorrect usage [C:/Users/Bruno/Documents/ENSEIRB/S7/Projet VHDL/thermohygro/thermohygro/thermohygro.srcs/sources_1/new/ROM_CHAR.vhd:34]
WARNING: [Synth 8-7186] Applying attribute ram_style = "BLOCK" is ignored, object 'memory_emoji[0][71]' is not inferred as ram due to incorrect usage [C:/Users/Bruno/Documents/ENSEIRB/S7/Projet VHDL/thermohygro/thermohygro/thermohygro.srcs/sources_1/new/ROM_CHAR.vhd:34]
WARNING: [Synth 8-7186] Applying attribute ram_style = "BLOCK" is ignored, object 'memory_emoji[0][72]' is not inferred as ram due to incorrect usage [C:/Users/Bruno/Documents/ENSEIRB/S7/Projet VHDL/thermohygro/thermohygro/thermohygro.srcs/sources_1/new/ROM_CHAR.vhd:34]
WARNING: [Synth 8-7186] Applying attribute ram_style = "BLOCK" is ignored, object 'memory_emoji[0][73]' is not inferred as ram due to incorrect usage [C:/Users/Bruno/Documents/ENSEIRB/S7/Projet VHDL/thermohygro/thermohygro/thermohygro.srcs/sources_1/new/ROM_CHAR.vhd:34]
WARNING: [Synth 8-7186] Applying attribute ram_style = "BLOCK" is ignored, object 'memory_emoji[0][74]' is not inferred as ram due to incorrect usage [C:/Users/Bruno/Documents/ENSEIRB/S7/Projet VHDL/thermohygro/thermohygro/thermohygro.srcs/sources_1/new/ROM_CHAR.vhd:34]
WARNING: [Synth 8-7186] Applying attribute ram_style = "BLOCK" is ignored, object 'memory_emoji[0][75]' is not inferred as ram due to incorrect usage [C:/Users/Bruno/Documents/ENSEIRB/S7/Projet VHDL/thermohygro/thermohygro/thermohygro.srcs/sources_1/new/ROM_CHAR.vhd:34]
WARNING: [Synth 8-7186] Applying attribute ram_style = "BLOCK" is ignored, object 'memory_emoji[0][76]' is not inferred as ram due to incorrect usage [C:/Users/Bruno/Documents/ENSEIRB/S7/Projet VHDL/thermohygro/thermohygro/thermohygro.srcs/sources_1/new/ROM_CHAR.vhd:34]
WARNING: [Synth 8-7186] Applying attribute ram_style = "BLOCK" is ignored, object 'memory_emoji[0][77]' is not inferred as ram due to incorrect usage [C:/Users/Bruno/Documents/ENSEIRB/S7/Projet VHDL/thermohygro/thermohygro/thermohygro.srcs/sources_1/new/ROM_CHAR.vhd:34]
WARNING: [Synth 8-7186] Applying attribute ram_style = "BLOCK" is ignored, object 'memory_emoji[0][78]' is not inferred as ram due to incorrect usage [C:/Users/Bruno/Documents/ENSEIRB/S7/Projet VHDL/thermohygro/thermohygro/thermohygro.srcs/sources_1/new/ROM_CHAR.vhd:34]
WARNING: [Synth 8-7186] Applying attribute ram_style = "BLOCK" is ignored, object 'memory_emoji[0][79]' is not inferred as ram due to incorrect usage [C:/Users/Bruno/Documents/ENSEIRB/S7/Projet VHDL/thermohygro/thermohygro/thermohygro.srcs/sources_1/new/ROM_CHAR.vhd:34]
WARNING: [Synth 8-7186] Applying attribute ram_style = "BLOCK" is ignored, object 'memory_emoji[0][80]' is not inferred as ram due to incorrect usage [C:/Users/Bruno/Documents/ENSEIRB/S7/Projet VHDL/thermohygro/thermohygro/thermohygro.srcs/sources_1/new/ROM_CHAR.vhd:34]
WARNING: [Synth 8-7186] Applying attribute ram_style = "BLOCK" is ignored, object 'memory_emoji[0][81]' is not inferred as ram due to incorrect usage [C:/Users/Bruno/Documents/ENSEIRB/S7/Projet VHDL/thermohygro/thermohygro/thermohygro.srcs/sources_1/new/ROM_CHAR.vhd:34]
WARNING: [Synth 8-7186] Applying attribute ram_style = "BLOCK" is ignored, object 'memory_emoji[0][82]' is not inferred as ram due to incorrect usage [C:/Users/Bruno/Documents/ENSEIRB/S7/Projet VHDL/thermohygro/thermohygro/thermohygro.srcs/sources_1/new/ROM_CHAR.vhd:34]
WARNING: [Synth 8-7186] Applying attribute ram_style = "BLOCK" is ignored, object 'memory_emoji[0][83]' is not inferred as ram due to incorrect usage [C:/Users/Bruno/Documents/ENSEIRB/S7/Projet VHDL/thermohygro/thermohygro/thermohygro.srcs/sources_1/new/ROM_CHAR.vhd:34]
WARNING: [Synth 8-7186] Applying attribute ram_style = "BLOCK" is ignored, object 'memory_emoji[0][84]' is not inferred as ram due to incorrect usage [C:/Users/Bruno/Documents/ENSEIRB/S7/Projet VHDL/thermohygro/thermohygro/thermohygro.srcs/sources_1/new/ROM_CHAR.vhd:34]
WARNING: [Synth 8-7186] Applying attribute ram_style = "BLOCK" is ignored, object 'memory_emoji[0][85]' is not inferred as ram due to incorrect usage [C:/Users/Bruno/Documents/ENSEIRB/S7/Projet VHDL/thermohygro/thermohygro/thermohygro.srcs/sources_1/new/ROM_CHAR.vhd:34]
WARNING: [Synth 8-7186] Applying attribute ram_style = "BLOCK" is ignored, object 'memory_emoji[0][86]' is not inferred as ram due to incorrect usage [C:/Users/Bruno/Documents/ENSEIRB/S7/Projet VHDL/thermohygro/thermohygro/thermohygro.srcs/sources_1/new/ROM_CHAR.vhd:34]
WARNING: [Synth 8-7186] Applying attribute ram_style = "BLOCK" is ignored, object 'memory_emoji[0][87]' is not inferred as ram due to incorrect usage [C:/Users/Bruno/Documents/ENSEIRB/S7/Projet VHDL/thermohygro/thermohygro/thermohygro.srcs/sources_1/new/ROM_CHAR.vhd:34]
WARNING: [Synth 8-7186] Applying attribute ram_style = "BLOCK" is ignored, object 'memory_emoji[0][88]' is not inferred as ram due to incorrect usage [C:/Users/Bruno/Documents/ENSEIRB/S7/Projet VHDL/thermohygro/thermohygro/thermohygro.srcs/sources_1/new/ROM_CHAR.vhd:34]
WARNING: [Synth 8-7186] Applying attribute ram_style = "BLOCK" is ignored, object 'memory_emoji[0][89]' is not inferred as ram due to incorrect usage [C:/Users/Bruno/Documents/ENSEIRB/S7/Projet VHDL/thermohygro/thermohygro/thermohygro.srcs/sources_1/new/ROM_CHAR.vhd:34]
WARNING: [Synth 8-7186] Applying attribute ram_style = "BLOCK" is ignored, object 'memory_emoji[0][90]' is not inferred as ram due to incorrect usage [C:/Users/Bruno/Documents/ENSEIRB/S7/Projet VHDL/thermohygro/thermohygro/thermohygro.srcs/sources_1/new/ROM_CHAR.vhd:34]
WARNING: [Synth 8-7186] Applying attribute ram_style = "BLOCK" is ignored, object 'memory_emoji[0][91]' is not inferred as ram due to incorrect usage [C:/Users/Bruno/Documents/ENSEIRB/S7/Projet VHDL/thermohygro/thermohygro/thermohygro.srcs/sources_1/new/ROM_CHAR.vhd:34]
WARNING: [Synth 8-7186] Applying attribute ram_style = "BLOCK" is ignored, object 'memory_emoji[0][92]' is not inferred as ram due to incorrect usage [C:/Users/Bruno/Documents/ENSEIRB/S7/Projet VHDL/thermohygro/thermohygro/thermohygro.srcs/sources_1/new/ROM_CHAR.vhd:34]
WARNING: [Synth 8-7186] Applying attribute ram_style = "BLOCK" is ignored, object 'memory_emoji[0][93]' is not inferred as ram due to incorrect usage [C:/Users/Bruno/Documents/ENSEIRB/S7/Projet VHDL/thermohygro/thermohygro/thermohygro.srcs/sources_1/new/ROM_CHAR.vhd:34]
WARNING: [Synth 8-7186] Applying attribute ram_style = "BLOCK" is ignored, object 'memory_emoji[0][94]' is not inferred as ram due to incorrect usage [C:/Users/Bruno/Documents/ENSEIRB/S7/Projet VHDL/thermohygro/thermohygro/thermohygro.srcs/sources_1/new/ROM_CHAR.vhd:34]
WARNING: [Synth 8-7186] Applying attribute ram_style = "BLOCK" is ignored, object 'memory_emoji[0][95]' is not inferred as ram due to incorrect usage [C:/Users/Bruno/Documents/ENSEIRB/S7/Projet VHDL/thermohygro/thermohygro/thermohygro.srcs/sources_1/new/ROM_CHAR.vhd:34]
WARNING: [Synth 8-7186] Applying attribute ram_style = "BLOCK" is ignored, object 'memory_emoji[0][96]' is not inferred as ram due to incorrect usage [C:/Users/Bruno/Documents/ENSEIRB/S7/Projet VHDL/thermohygro/thermohygro/thermohygro.srcs/sources_1/new/ROM_CHAR.vhd:34]
WARNING: [Synth 8-7186] Applying attribute ram_style = "BLOCK" is ignored, object 'memory_emoji[0][97]' is not inferred as ram due to incorrect usage [C:/Users/Bruno/Documents/ENSEIRB/S7/Projet VHDL/thermohygro/thermohygro/thermohygro.srcs/sources_1/new/ROM_CHAR.vhd:34]
WARNING: [Synth 8-7186] Applying attribute ram_style = "BLOCK" is ignored, object 'memory_emoji[0][98]' is not inferred as ram due to incorrect usage [C:/Users/Bruno/Documents/ENSEIRB/S7/Projet VHDL/thermohygro/thermohygro/thermohygro.srcs/sources_1/new/ROM_CHAR.vhd:34]
WARNING: [Synth 8-7186] Applying attribute ram_style = "BLOCK" is ignored, object 'memory_emoji[0][99]' is not inferred as ram due to incorrect usage [C:/Users/Bruno/Documents/ENSEIRB/S7/Projet VHDL/thermohygro/thermohygro/thermohygro.srcs/sources_1/new/ROM_CHAR.vhd:34]
INFO: [Common 17-14] Message 'Synth 8-7186' appears 100 times and further instances of the messages will be disabled. Use the Tcl command set_msg_config to change the current settings.
INFO: [Synth 8-256] done synthesizing module 'ROM_CHAR' (0#1) [C:/Users/Bruno/Documents/ENSEIRB/S7/Projet VHDL/thermohygro/thermohygro/thermohygro.srcs/sources_1/new/ROM_CHAR.vhd:29]
INFO: [Synth 8-3491] module 'Write_Control_Unit' declared at 'C:/Users/Bruno/Documents/ENSEIRB/S7/Projet VHDL/thermohygro/thermohygro/thermohygro.srcs/sources_1/new/Write_Control_Unit.vhd:5' bound to instance 'WRITE_CONTROL_I' of component 'Write_Control_Unit' [C:/Users/Bruno/Documents/ENSEIRB/S7/Projet VHDL/thermohygro/thermohygro/thermohygro.srcs/sources_1/new/top_level.vhd:190]
INFO: [Synth 8-638] synthesizing module 'Write_Control_Unit' [C:/Users/Bruno/Documents/ENSEIRB/S7/Projet VHDL/thermohygro/thermohygro/thermohygro.srcs/sources_1/new/Write_Control_Unit.vhd:24]
INFO: [Synth 8-256] done synthesizing module 'Write_Control_Unit' (0#1) [C:/Users/Bruno/Documents/ENSEIRB/S7/Projet VHDL/thermohygro/thermohygro/thermohygro.srcs/sources_1/new/Write_Control_Unit.vhd:24]
INFO: [Synth 8-3491] module 'top_pmod_hygro' declared at 'C:/Users/Bruno/Documents/ENSEIRB/S7/Projet VHDL/thermohygro/thermohygro/thermohygro.srcs/sources_1/new/top_pmod_hygro.vhd:5' bound to instance 'PMOD_HYGRO_I' of component 'top_pmod_hygro' [C:/Users/Bruno/Documents/ENSEIRB/S7/Projet VHDL/thermohygro/thermohygro/thermohygro.srcs/sources_1/new/top_level.vhd:207]
INFO: [Synth 8-638] synthesizing module 'top_pmod_hygro' [C:/Users/Bruno/Documents/ENSEIRB/S7/Projet VHDL/thermohygro/thermohygro/thermohygro.srcs/sources_1/new/top_pmod_hygro.vhd:17]
	Parameter sys_clk_freq bound to: 50000000 - type: integer 
	Parameter humidity_resolution bound to: 8 - type: integer 
	Parameter temperature_resolution bound to: 11 - type: integer 
INFO: [Synth 8-3491] module 'pmod_hygrometer' declared at 'C:/Users/Bruno/Documents/ENSEIRB/S7/Projet VHDL/thermohygro/thermohygro/thermohygro.srcs/sources_1/new/pmod_hygro.vhd:26' bound to instance 'aa' of component 'pmod_hygrometer' [C:/Users/Bruno/Documents/ENSEIRB/S7/Projet VHDL/thermohygro/thermohygro/thermohygro.srcs/sources_1/new/top_pmod_hygro.vhd:45]
INFO: [Synth 8-638] synthesizing module 'pmod_hygrometer' [C:/Users/Bruno/Documents/ENSEIRB/S7/Projet VHDL/thermohygro/thermohygro/thermohygro.srcs/sources_1/new/pmod_hygro.vhd:41]
	Parameter sys_clk_freq bound to: 50000000 - type: integer 
	Parameter humidity_resolution bound to: 8 - type: integer 
	Parameter temperature_resolution bound to: 11 - type: integer 
	Parameter input_clk bound to: 50000000 - type: integer 
	Parameter bus_clk bound to: 4 - type: integer 
INFO: [Synth 8-3491] module 'i2c_master' declared at 'C:/Users/Bruno/Documents/ENSEIRB/S7/Projet VHDL/thermohygro/thermohygro/thermohygro.srcs/sources_1/new/i2c_master.vhd:36' bound to instance 'i2c_master_0' of component 'i2c_master' [C:/Users/Bruno/Documents/ENSEIRB/S7/Projet VHDL/thermohygro/thermohygro/thermohygro.srcs/sources_1/new/pmod_hygro.vhd:80]
INFO: [Synth 8-638] synthesizing module 'i2c_master' [C:/Users/Bruno/Documents/ENSEIRB/S7/Projet VHDL/thermohygro/thermohygro/thermohygro.srcs/sources_1/new/i2c_master.vhd:54]
	Parameter input_clk bound to: 50000000 - type: integer 
	Parameter bus_clk bound to: 4 - type: integer 
INFO: [Synth 8-256] done synthesizing module 'i2c_master' (0#1) [C:/Users/Bruno/Documents/ENSEIRB/S7/Projet VHDL/thermohygro/thermohygro/thermohygro.srcs/sources_1/new/i2c_master.vhd:54]
INFO: [Synth 8-256] done synthesizing module 'pmod_hygrometer' (0#1) [C:/Users/Bruno/Documents/ENSEIRB/S7/Projet VHDL/thermohygro/thermohygro/thermohygro.srcs/sources_1/new/pmod_hygro.vhd:41]
INFO: [Synth 8-256] done synthesizing module 'top_pmod_hygro' (0#1) [C:/Users/Bruno/Documents/ENSEIRB/S7/Projet VHDL/thermohygro/thermohygro/thermohygro.srcs/sources_1/new/top_pmod_hygro.vhd:17]
INFO: [Synth 8-256] done synthesizing module 'top_level' (0#1) [C:/Users/Bruno/Documents/ENSEIRB/S7/Projet VHDL/thermohygro/thermohygro/thermohygro.srcs/sources_1/new/top_level.vhd:23]
---------------------------------------------------------------------------------
Finished RTL Elaboration : Time (s): cpu = 00:00:10 ; elapsed = 00:00:12 . Memory (MB): peak = 1361.008 ; gain = 665.730
---------------------------------------------------------------------------------
---------------------------------------------------------------------------------
Start Handling Custom Attributes
---------------------------------------------------------------------------------
---------------------------------------------------------------------------------
Finished Handling Custom Attributes : Time (s): cpu = 00:00:10 ; elapsed = 00:00:13 . Memory (MB): peak = 1361.008 ; gain = 665.730
---------------------------------------------------------------------------------
---------------------------------------------------------------------------------
Finished RTL Optimization Phase 1 : Time (s): cpu = 00:00:10 ; elapsed = 00:00:13 . Memory (MB): peak = 1361.008 ; gain = 665.730
---------------------------------------------------------------------------------
Netlist sorting complete. Time (s): cpu = 00:00:00 ; elapsed = 00:00:00.201 . Memory (MB): peak = 1361.008 ; gain = 0.000
INFO: [Project 1-570] Preparing netlist for logic optimization

Processing XDC Constraints
Initializing timing engine
Parsing XDC File [C:/Users/Bruno/Documents/ENSEIRB/S7/Projet VHDL/thermohygro/thermohygro/thermohygro.srcs/constrs_1/new/Nexys-4-DDR-Master.xdc]
Finished Parsing XDC File [C:/Users/Bruno/Documents/ENSEIRB/S7/Projet VHDL/thermohygro/thermohygro/thermohygro.srcs/constrs_1/new/Nexys-4-DDR-Master.xdc]
INFO: [Project 1-236] Implementation specific constraints were found while reading constraint file [C:/Users/Bruno/Documents/ENSEIRB/S7/Projet VHDL/thermohygro/thermohygro/thermohygro.srcs/constrs_1/new/Nexys-4-DDR-Master.xdc]. These constraints will be ignored for synthesis but will be used in implementation. Impacted constraints are listed in the file [.Xil/top_level_propImpl.xdc].
Resolution: To avoid this warning, move constraints listed in [.Xil/top_level_propImpl.xdc] to another XDC file and exclude this new file from synthesis with the used_in_synthesis property (File Properties dialog in GUI) and re-run elaboration/synthesis.
Completed Processing XDC Constraints

Netlist sorting complete. Time (s): cpu = 00:00:00 ; elapsed = 00:00:00.001 . Memory (MB): peak = 1415.359 ; gain = 0.000
INFO: [Project 1-111] Unisim Transformation Summary:
No Unisim elements were transformed.

Constraint Validation Runtime : Time (s): cpu = 00:00:00 ; elapsed = 00:00:00.017 . Memory (MB): peak = 1415.359 ; gain = 0.000
---------------------------------------------------------------------------------
Finished Constraint Validation : Time (s): cpu = 00:00:23 ; elapsed = 00:00:28 . Memory (MB): peak = 1415.359 ; gain = 720.082
---------------------------------------------------------------------------------
---------------------------------------------------------------------------------
Start Loading Part and Timing Information
---------------------------------------------------------------------------------
Loading part: xc7a100tcsg324-1
---------------------------------------------------------------------------------
Finished Loading Part and Timing Information : Time (s): cpu = 00:00:23 ; elapsed = 00:00:28 . Memory (MB): peak = 1415.359 ; gain = 720.082
---------------------------------------------------------------------------------
---------------------------------------------------------------------------------
Start Applying 'set_property' XDC Constraints
---------------------------------------------------------------------------------
---------------------------------------------------------------------------------
Finished applying 'set_property' XDC Constraints : Time (s): cpu = 00:00:23 ; elapsed = 00:00:28 . Memory (MB): peak = 1415.359 ; gain = 720.082
---------------------------------------------------------------------------------
INFO: [Synth 8-802] inferred FSM for state register 'current_state_reg' in module 'Write_Control_Unit'
INFO: [Synth 8-802] inferred FSM for state register 'state_reg' in module 'i2c_master'
INFO: [Synth 8-802] inferred FSM for state register 'state_reg' in module 'pmod_hygrometer'
---------------------------------------------------------------------------------------------------
                   State |                     New Encoding |                Previous Encoding 
---------------------------------------------------------------------------------------------------
                 iSTATE1 |                              000 |                              000
                 iSTATE2 |                              001 |                              001
                 iSTATE3 |                              010 |                              010
                 iSTATE4 |                              011 |                              011
                 iSTATE0 |                              100 |                              100
*
                  iSTATE |                              101 |                              101
---------------------------------------------------------------------------------------------------
INFO: [Synth 8-3354] encoded FSM with state register 'current_state_reg' using encoding 'sequential' in module 'Write_Control_Unit'
---------------------------------------------------------------------------------------------------
                   State |                     New Encoding |                Previous Encoding 
---------------------------------------------------------------------------------------------------
                   ready |                        000000001 |                             0000
                   start |                        000000010 |                             0001
                 command |                        000000100 |                             0010
                slv_ack1 |                        000001000 |                             0011
                      wr |                        000010000 |                             0100
                slv_ack2 |                        000100000 |                             0110
                      rd |                        001000000 |                             0101
                mstr_ack |                        010000000 |                             0111
                    stop |                        100000000 |                             1000
---------------------------------------------------------------------------------------------------
INFO: [Synth 8-3354] encoded FSM with state register 'state_reg' using encoding 'one-hot' in module 'i2c_master'
---------------------------------------------------------------------------------------------------
                   State |                     New Encoding |                Previous Encoding 
---------------------------------------------------------------------------------------------------
                   start |                           000001 |                              000
               configure |                           000010 |                              001
                initiate |                           000100 |                              010
                   pause |                           001000 |                              011
               read_data |                           010000 |                              100
           output_result |                           100000 |                              101
---------------------------------------------------------------------------------------------------
INFO: [Synth 8-3354] encoded FSM with state register 'state_reg' using encoding 'one-hot' in module 'pmod_hygrometer'
---------------------------------------------------------------------------------
Finished RTL Optimization Phase 2 : Time (s): cpu = 00:01:50 ; elapsed = 00:01:57 . Memory (MB): peak = 1759.121 ; gain = 1063.844
---------------------------------------------------------------------------------
---------------------------------------------------------------------------------
Start RTL Component Statistics 
---------------------------------------------------------------------------------
Detailed RTL Component Info : 
+---Adders : 
	   2 Input   31 Bit       Adders := 2     
	   2 Input   24 Bit       Adders := 2     
	   2 Input   13 Bit       Adders := 4     
	   2 Input    7 Bit       Adders := 1     
	   2 Input    6 Bit       Adders := 2     
	   2 Input    4 Bit       Adders := 3     
	   2 Input    3 Bit       Adders := 2     
+---Registers : 
	               24 Bit    Registers := 2     
	               16 Bit    Registers := 7     
	               13 Bit    Registers := 2     
	               11 Bit    Registers := 1     
	                8 Bit    Registers := 6     
	                7 Bit    Registers := 2     
	                6 Bit    Registers := 2     
	                5 Bit    Registers := 1     
	                4 Bit    Registers := 2     
	                3 Bit    Registers := 2     
	                2 Bit    Registers := 1     
	                1 Bit    Registers := 21    
+---RAMs : 
	              96K Bit	(6144 X 16 bit)          RAMs := 2     
+---Muxes : 
	   2 Input   31 Bit        Muxes := 1     
	   7 Input   24 Bit        Muxes := 1     
	   2 Input   24 Bit        Muxes := 1     
	  12 Input   16 Bit        Muxes := 1     
	   3 Input   16 Bit        Muxes := 472   
	   2 Input   16 Bit        Muxes := 4     
	  10 Input   16 Bit        Muxes := 70    
	   6 Input   16 Bit        Muxes := 4     
	  10 Input   15 Bit        Muxes := 1     
	   2 Input   13 Bit        Muxes := 5     
	   5 Input   13 Bit        Muxes := 1     
	   9 Input    9 Bit        Muxes := 1     
	   2 Input    9 Bit        Muxes := 9     
	   6 Input    8 Bit        Muxes := 2     
	   2 Input    8 Bit        Muxes := 4     
	   4 Input    8 Bit        Muxes := 1     
	   2 Input    6 Bit        Muxes := 1     
	   6 Input    6 Bit        Muxes := 1     
	   3 Input    4 Bit        Muxes := 1     
	   2 Input    4 Bit        Muxes := 4     
	   5 Input    4 Bit        Muxes := 1     
	   5 Input    3 Bit        Muxes := 1     
	   2 Input    3 Bit        Muxes := 4     
	   4 Input    3 Bit        Muxes := 1     
	   7 Input    3 Bit        Muxes := 1     
	   6 Input    3 Bit        Muxes := 1     
	   2 Input    1 Bit        Muxes := 38    
	   3 Input    1 Bit        Muxes := 2     
	   6 Input    1 Bit        Muxes := 16    
	   4 Input    1 Bit        Muxes := 9     
	   9 Input    1 Bit        Muxes := 7     
---------------------------------------------------------------------------------
Finished RTL Component Statistics 
---------------------------------------------------------------------------------
---------------------------------------------------------------------------------
Start Part Resource Summary
---------------------------------------------------------------------------------
Part Resources:
DSPs: 240 (col length:80)
BRAMs: 270 (col length: RAMB18 80 RAMB36 40)
---------------------------------------------------------------------------------
Finished Part Resource Summary
---------------------------------------------------------------------------------
---------------------------------------------------------------------------------
Start Cross Boundary and Area Optimization
---------------------------------------------------------------------------------
WARNING: [Synth 8-7080] Parallel synthesis criteria is not met
DSP Report: Generating DSP TEMP_INT1, operation Mode is: A*(B:0x672).
DSP Report: operator TEMP_INT1 is absorbed into DSP TEMP_INT1.
CRITICAL WARNING: [Synth 8-6859] multi-driven net on pin pix_write_reg with 1st driver pin 'FSM_PIXEL_I/pix_write_reg/Q' [C:/Users/Bruno/Documents/ENSEIRB/S7/Projet VHDL/thermohygro/thermohygro/thermohygro.srcs/sources_1/new/FSM_pixel.vhd:39]
CRITICAL WARNING: [Synth 8-6859] multi-driven net on pin pix_write_reg with 2nd driver pin 'VCC' [C:/Users/Bruno/Documents/ENSEIRB/S7/Projet VHDL/thermohygro/thermohygro/thermohygro.srcs/sources_1/new/FSM_pixel.vhd:39]
CRITICAL WARNING: [Synth 8-6858] multi-driven net pix_write_reg is connected to at least one constant driver which has been preserved, other driver is ignored [C:/Users/Bruno/Documents/ENSEIRB/S7/Projet VHDL/thermohygro/thermohygro/thermohygro.srcs/sources_1/new/FSM_pixel.vhd:39]
---------------------------------------------------------------------------------
Finished Cross Boundary and Area Optimization : Time (s): cpu = 00:03:51 ; elapsed = 00:04:02 . Memory (MB): peak = 2160.262 ; gain = 1464.984
---------------------------------------------------------------------------------
 Sort Area is  TEMP_INT1_0 : 0 0 : 318 318 : Used 1 time 0
---------------------------------------------------------------------------------
Start ROM, RAM, DSP, Shift Register and Retiming Reporting
---------------------------------------------------------------------------------

ROM: Preliminary Mapping Report
+-------------------+------------+---------------+----------------+
|Module Name        | RTL Object | Depth x Width | Implemented As | 
+-------------------+------------+---------------+----------------+
|PmodOLEDrgb_bitmap | OLED_FSM   | 32x5          | LUT            | 
|PmodOLEDrgb_bitmap | OLED_FSM   | 32x5          | LUT            | 
+-------------------+------------+---------------+----------------+


Block RAM: Preliminary Mapping Report (see note below)
+------------+--------------------------+------------------------+---+---+------------------------+---+---+------------------+--------+--------+
|Module Name | RTL Object               | PORT A (Depth x Width) | W | R | PORT B (Depth x Width) | W | R | Ports driving FF | RAMB18 | RAMB36 | 
+------------+--------------------------+------------------------+---+---+------------------------+---+---+------------------+--------+--------+
|top_level   | ECRAN/bitmap_reg         | 6 K x 16(READ_FIRST)   | W |   | 6 K x 16(WRITE_FIRST)  |   | R | Port A and B     | 0      | 4      | 
|top_level   | RAM_DISPLAY_I/memory_reg | 6 K x 16(READ_FIRST)   | W |   | 6 K x 16(WRITE_FIRST)  |   | R | Port A and B     | 0      | 4      | 
+------------+--------------------------+------------------------+---+---+------------------------+---+---+------------------+--------+--------+

Note: The table above is a preliminary report that shows the Block RAMs at the current stage of the synthesis flow. Some Block RAMs may be reimplemented as non Block RAM primitives later in the synthesis flow. Multiple instantiated Block RAMs are reported only once. 

DSP: Preliminary Mapping Report (see note below. The ' indicates corresponding REG is set)
+-------------------+-------------+--------+--------+--------+--------+--------+------+------+------+------+-------+------+------+
|Module Name        | DSP Mapping | A Size | B Size | C Size | D Size | P Size | AREG | BREG | CREG | DREG | ADREG | MREG | PREG | 
+-------------------+-------------+--------+--------+--------+--------+--------+------+------+------+------+-------+------+------+
|Write_Control_Unit | A*(B:0x672) | 11     | 11     | -      | -      | 22     | 0    | 0    | -    | -    | -     | 0    | 0    | 
+-------------------+-------------+--------+--------+--------+--------+--------+------+------+------+------+-------+------+------+

Note: The table above is a preliminary report that shows the DSPs inferred at the current stage of the synthesis flow. Some DSP may be reimplemented as non DSP primitives later in the synthesis flow. Multiple instantiated DSPs are reported only once.
---------------------------------------------------------------------------------
Finished ROM, RAM, DSP, Shift Register and Retiming Reporting
---------------------------------------------------------------------------------
---------------------------------------------------------------------------------
Start Applying XDC Timing Constraints
---------------------------------------------------------------------------------
---------------------------------------------------------------------------------
Finished Applying XDC Timing Constraints : Time (s): cpu = 00:04:00 ; elapsed = 00:04:12 . Memory (MB): peak = 2160.262 ; gain = 1464.984
---------------------------------------------------------------------------------
---------------------------------------------------------------------------------
Start Timing Optimization
---------------------------------------------------------------------------------
---------------------------------------------------------------------------------
Finished Timing Optimization : Time (s): cpu = 00:04:06 ; elapsed = 00:04:17 . Memory (MB): peak = 2160.262 ; gain = 1464.984
---------------------------------------------------------------------------------
---------------------------------------------------------------------------------
Start ROM, RAM, DSP, Shift Register and Retiming Reporting
---------------------------------------------------------------------------------

Block RAM: Final Mapping Report
+------------+--------------------------+------------------------+---+---+------------------------+---+---+------------------+--------+--------+
|Module Name | RTL Object               | PORT A (Depth x Width) | W | R | PORT B (Depth x Width) | W | R | Ports driving FF | RAMB18 | RAMB36 | 
+------------+--------------------------+------------------------+---+---+------------------------+---+---+------------------+--------+--------+
|top_level   | ECRAN/bitmap_reg         | 6 K x 16(READ_FIRST)   | W |   | 6 K x 16(WRITE_FIRST)  |   | R | Port A and B     | 0      | 4      | 
|top_level   | RAM_DISPLAY_I/memory_reg | 6 K x 16(READ_FIRST)   | W |   | 6 K x 16(WRITE_FIRST)  |   | R | Port A and B     | 0      | 4      | 
+------------+--------------------------+------------------------+---+---+------------------------+---+---+------------------+--------+--------+

---------------------------------------------------------------------------------
Finished ROM, RAM, DSP, Shift Register and Retiming Reporting
---------------------------------------------------------------------------------
---------------------------------------------------------------------------------
Start Technology Mapping
---------------------------------------------------------------------------------
INFO: [Synth 8-7052] The timing for the instance ECRAN/bitmap_reg_0 (implemented as a Block RAM) might be sub-optimal as no optional output register could be merged into the ram block. Providing additional output register may help in improving timing.
INFO: [Synth 8-7052] The timing for the instance ECRAN/bitmap_reg_1 (implemented as a Block RAM) might be sub-optimal as no optional output register could be merged into the ram block. Providing additional output register may help in improving timing.
INFO: [Synth 8-7052] The timing for the instance ECRAN/bitmap_reg_2 (implemented as a Block RAM) might be sub-optimal as no optional output register could be merged into the ram block. Providing additional output register may help in improving timing.
INFO: [Synth 8-7052] The timing for the instance ECRAN/bitmap_reg_3 (implemented as a Block RAM) might be sub-optimal as no optional output register could be merged into the ram block. Providing additional output register may help in improving timing.
---------------------------------------------------------------------------------
Finished Technology Mapping : Time (s): cpu = 00:04:07 ; elapsed = 00:04:19 . Memory (MB): peak = 2160.262 ; gain = 1464.984
---------------------------------------------------------------------------------
---------------------------------------------------------------------------------
Start IO Insertion
---------------------------------------------------------------------------------
---------------------------------------------------------------------------------
Start Flattening Before IO Insertion
---------------------------------------------------------------------------------
---------------------------------------------------------------------------------
Finished Flattening Before IO Insertion
---------------------------------------------------------------------------------
---------------------------------------------------------------------------------
Start Final Netlist Cleanup
---------------------------------------------------------------------------------
---------------------------------------------------------------------------------
Finished Final Netlist Cleanup
---------------------------------------------------------------------------------
---------------------------------------------------------------------------------
Finished IO Insertion : Time (s): cpu = 00:04:15 ; elapsed = 00:04:27 . Memory (MB): peak = 2224.094 ; gain = 1528.816
---------------------------------------------------------------------------------
---------------------------------------------------------------------------------
Start Renaming Generated Instances
---------------------------------------------------------------------------------
---------------------------------------------------------------------------------
Finished Renaming Generated Instances : Time (s): cpu = 00:04:15 ; elapsed = 00:04:27 . Memory (MB): peak = 2224.094 ; gain = 1528.816
---------------------------------------------------------------------------------
---------------------------------------------------------------------------------
Start Rebuilding User Hierarchy
---------------------------------------------------------------------------------
---------------------------------------------------------------------------------
Finished Rebuilding User Hierarchy : Time (s): cpu = 00:04:15 ; elapsed = 00:04:28 . Memory (MB): peak = 2224.094 ; gain = 1528.816
---------------------------------------------------------------------------------
---------------------------------------------------------------------------------
Start Renaming Generated Ports
---------------------------------------------------------------------------------
---------------------------------------------------------------------------------
Finished Renaming Generated Ports : Time (s): cpu = 00:04:15 ; elapsed = 00:04:28 . Memory (MB): peak = 2224.094 ; gain = 1528.816
---------------------------------------------------------------------------------
---------------------------------------------------------------------------------
Start Handling Custom Attributes
---------------------------------------------------------------------------------
---------------------------------------------------------------------------------
Finished Handling Custom Attributes : Time (s): cpu = 00:04:16 ; elapsed = 00:04:28 . Memory (MB): peak = 2227.090 ; gain = 1531.812
---------------------------------------------------------------------------------
---------------------------------------------------------------------------------
Start Renaming Generated Nets
---------------------------------------------------------------------------------
---------------------------------------------------------------------------------
Finished Renaming Generated Nets : Time (s): cpu = 00:04:16 ; elapsed = 00:04:28 . Memory (MB): peak = 2227.090 ; gain = 1531.812
---------------------------------------------------------------------------------
---------------------------------------------------------------------------------
Start Writing Synthesis Report
---------------------------------------------------------------------------------

DSP Final Report (the ' indicates corresponding REG is set)
+-------------------+-------------+--------+--------+--------+--------+--------+------+------+------+------+-------+------+------+
|Module Name        | DSP Mapping | A Size | B Size | C Size | D Size | P Size | AREG | BREG | CREG | DREG | ADREG | MREG | PREG | 
+-------------------+-------------+--------+--------+--------+--------+--------+------+------+------+------+-------+------+------+
|Write_Control_Unit | A*B         | 11     | 11     | -      | -      | 22     | 0    | 0    | -    | -    | -     | 0    | 0    | 
+-------------------+-------------+--------+--------+--------+--------+--------+------+------+------+------+-------+------+------+


Report BlackBoxes: 
+-+--------------+----------+
| |BlackBox name |Instances |
+-+--------------+----------+
+-+--------------+----------+

Report Cell Usage: 
+------+---------+------+
|      |Cell     |Count |
+------+---------+------+
|1     |BUFG     |     1|
|2     |CARRY4   |   252|
|3     |DSP48E1  |     1|
|4     |LUT1     |    74|
|5     |LUT2     |   334|
|6     |LUT3     |   232|
|7     |LUT4     |   256|
|8     |LUT5     |   456|
|9     |LUT6     |  2152|
|10    |MUXF7    |   383|
|11    |MUXF8    |   120|
|12    |RAMB36E1 |     8|
|17    |FDCE     |   125|
|18    |FDPE     |     7|
|19    |FDRE     |   266|
|20    |FDSE     |     4|
|21    |IBUF     |     2|
|22    |IOBUF    |     2|
|23    |OBUF     |     7|
+------+---------+------+
---------------------------------------------------------------------------------
Finished Writing Synthesis Report : Time (s): cpu = 00:04:16 ; elapsed = 00:04:28 . Memory (MB): peak = 2227.090 ; gain = 1531.812
---------------------------------------------------------------------------------
Synthesis finished with 0 errors, 3 critical warnings and 1 warnings.
Synthesis Optimization Runtime : Time (s): cpu = 00:04:01 ; elapsed = 00:04:21 . Memory (MB): peak = 2227.090 ; gain = 1477.461
Synthesis Optimization Complete : Time (s): cpu = 00:04:16 ; elapsed = 00:04:28 . Memory (MB): peak = 2227.090 ; gain = 1531.812
INFO: [Project 1-571] Translating synthesized netlist
Netlist sorting complete. Time (s): cpu = 00:00:00 ; elapsed = 00:00:00.036 . Memory (MB): peak = 2236.250 ; gain = 0.000
INFO: [Netlist 29-17] Analyzing 766 Unisim elements for replacement
INFO: [Netlist 29-28] Unisim Transformation completed in 0 CPU seconds
WARNING: [Netlist 29-101] Netlist 'top_level' is not ideal for floorplanning, since the cellview 'Write_Control_Unit' contains a large number of primitives.  Please consider enabling hierarchy in synthesis if you want to do floorplanning.
INFO: [Project 1-570] Preparing netlist for logic optimization
INFO: [Opt 31-138] Pushed 0 inverter(s) to 0 load pin(s).
Netlist sorting complete. Time (s): cpu = 00:00:00 ; elapsed = 00:00:00.002 . Memory (MB): peak = 2239.973 ; gain = 0.000
INFO: [Project 1-111] Unisim Transformation Summary:
  A total of 2 instances were transformed.
  IOBUF => IOBUF (IBUF, OBUFT): 2 instances

Synth Design complete | Checksum: aa3a5d88
INFO: [Common 17-83] Releasing license: Synthesis
52 Infos, 105 Warnings, 3 Critical Warnings and 0 Errors encountered.
synth_design completed successfully
synth_design: Time (s): cpu = 00:04:21 ; elapsed = 00:04:52 . Memory (MB): peak = 2239.973 ; gain = 1748.562
INFO: [runtcl-6] Synthesis results are not added to the cache due to CRITICAL_WARNING
Write ShapeDB Complete: Time (s): cpu = 00:00:00 ; elapsed = 00:00:00.016 . Memory (MB): peak = 2239.973 ; gain = 0.000
INFO: [Common 17-1381] The checkpoint 'C:/Users/Bruno/Documents/ENSEIRB/S7/Projet VHDL/thermohygro/thermohygro/thermohygro.runs/synth_1/top_level.dcp' has been generated.
INFO: [Vivado 12-24828] Executing command : report_utilization -file top_level_utilization_synth.rpt -pb top_level_utilization_synth.pb
INFO: [Common 17-206] Exiting Vivado at Tue Dec  2 16:21:30 2025...
